[2026-01-12 14:02:45.546034] get_requisitions CALLED. ReqID=None, Status=None
[2026-01-12 14:02:45.683967] Query Result Count: 15
[2026-01-12 14:02:47.226180] get_requisitions CALLED. ReqID=None, Status=None
[2026-01-12 14:02:47.369971] Query Result Count: 15
[2026-01-12 14:02:47.490630] get_requisitions CALLED. ReqID=None, Status=None
[2026-01-12 14:02:47.701376] Query Result Count: 15
[2026-01-12 14:02:47.806423] get_requisitions CALLED. ReqID=None, Status=None
[2026-01-12 14:02:47.947539] Query Result Count: 15
[2026-01-12 14:02:48.060097] get_requisitions CALLED. ReqID=None, Status=None
[2026-01-12 14:02:48.175202] Query Result Count: 15
[2026-01-12 14:02:48.282366] get_requisitions CALLED. ReqID=None, Status=None
[2026-01-12 14:02:48.401831] Query Result Count: 15
[2026-01-12 14:02:48.506401] get_requisitions CALLED. ReqID=None, Status=None
[2026-01-12 14:02:48.615227] Query Result Count: 15
[2026-01-12 14:02:48.711532] get_requisitions CALLED. ReqID=None, Status=None
[2026-01-12 14:02:48.821454] Query Result Count: 15
[2026-01-12 14:02:48.919208] get_requisitions CALLED. ReqID=None, Status=None
[2026-01-12 14:02:49.130670] Query Result Count: 15
[2026-01-12 14:03:01.368685] get_requisitions CALLED. ReqID=None, Status=None
[2026-01-12 14:03:01.519889] Query Result Count: 15
[2026-01-12 14:03:06.054759] get_requisitions CALLED. ReqID=None, Status=None
[2026-01-12 14:03:06.211733] Query Result Count: 15
[2026-01-12 14:03:33.475274] get_requisitions CALLED. ReqID=2215af38-4a26-4b6c-8793-8e9b92935375, Status=None
[2026-01-12 14:03:33.729279] Created FRESH Admin Client with Service Key
[2026-01-12 14:03:34.188987] Found 1 approved requisitions for this user.
[2026-01-12 14:03:34.189247] Applied OR condition: requester_id.eq.2215af38-4a26-4b6c-8793-8e9b92935375,id.in.(80554275-f07c-4521-9f15-3031e9438877)
[2026-01-12 14:03:34.397263] Query Result Count: 1
[2026-01-12 14:03:34.515418] get_requisitions CALLED. ReqID=2215af38-4a26-4b6c-8793-8e9b92935375, Status=None
[2026-01-12 14:03:34.681393] Created FRESH Admin Client with Service Key
[2026-01-12 14:03:35.124527] Found 1 approved requisitions for this user.
[2026-01-12 14:03:35.124857] Applied OR condition: requester_id.eq.2215af38-4a26-4b6c-8793-8e9b92935375,id.in.(80554275-f07c-4521-9f15-3031e9438877)
[2026-01-12 14:03:35.222448] Query Result Count: 1
[2026-01-12 14:03:35.330096] get_requisitions CALLED. ReqID=2215af38-4a26-4b6c-8793-8e9b92935375, Status=None
[2026-01-12 14:03:35.582094] Created FRESH Admin Client with Service Key
[2026-01-12 14:03:36.021628] Found 1 approved requisitions for this user.
[2026-01-12 14:03:36.022031] Applied OR condition: requester_id.eq.2215af38-4a26-4b6c-8793-8e9b92935375,id.in.(80554275-f07c-4521-9f15-3031e9438877)
[2026-01-12 14:03:36.113796] Query Result Count: 1
[2026-01-12 14:03:36.210767] get_requisitions CALLED. ReqID=2215af38-4a26-4b6c-8793-8e9b92935375, Status=None
[2026-01-12 14:03:36.379828] Created FRESH Admin Client with Service Key
[2026-01-12 14:03:36.718210] Found 1 approved requisitions for this user.
[2026-01-12 14:03:36.718921] Applied OR condition: requester_id.eq.2215af38-4a26-4b6c-8793-8e9b92935375,id.in.(80554275-f07c-4521-9f15-3031e9438877)
[2026-01-12 14:03:36.841362] Query Result Count: 1
[2026-01-12 14:03:56.160529] get_requisitions CALLED. ReqID=2215af38-4a26-4b6c-8793-8e9b92935375, Status=None
[2026-01-12 14:03:56.393801] Created FRESH Admin Client with Service Key
[2026-01-12 14:03:56.792233] Found 1 approved requisitions for this user.
[2026-01-12 14:03:56.792739] Applied OR condition: requester_id.eq.2215af38-4a26-4b6c-8793-8e9b92935375,id.in.(80554275-f07c-4521-9f15-3031e9438877)
[2026-01-12 14:03:56.890715] Query Result Count: 1
[2026-01-12 14:04:00.400399] get_requisitions CALLED. ReqID=2215af38-4a26-4b6c-8793-8e9b92935375, Status=None
[2026-01-12 14:04:00.629466] Created FRESH Admin Client with Service Key
[2026-01-12 14:04:01.049367] Found 1 approved requisitions for this user.
[2026-01-12 14:04:01.049953] Applied OR condition: requester_id.eq.2215af38-4a26-4b6c-8793-8e9b92935375,id.in.(80554275-f07c-4521-9f15-3031e9438877)
[2026-01-12 14:04:01.147918] Query Result Count: 1
[2026-01-12 14:04:07.003965] get_requisitions CALLED. ReqID=2215af38-4a26-4b6c-8793-8e9b92935375, Status=None
[2026-01-12 14:04:07.247189] Created FRESH Admin Client with Service Key
[2026-01-12 14:04:07.657700] Found 1 approved requisitions for this user.
[2026-01-12 14:04:07.658135] Applied OR condition: requester_id.eq.2215af38-4a26-4b6c-8793-8e9b92935375,id.in.(80554275-f07c-4521-9f15-3031e9438877)
[2026-01-12 14:04:07.848918] Query Result Count: 1
[2026-01-12 14:04:30.854104] get_requisitions CALLED. ReqID=dfb749db-55f8-438d-a4ed-b5e6c4e36386, Status=None
[2026-01-12 14:04:31.099261] Created FRESH Admin Client with Service Key
[2026-01-12 14:04:31.469064] Found 7 approved requisitions for this user.
[2026-01-12 14:04:31.469402] Applied OR condition: requester_id.eq.dfb749db-55f8-438d-a4ed-b5e6c4e36386,id.in.(df26dd13-f119-4b3f-980a-f4fbac37308e,20b1f1e8-85ab-4999-99b4-59acc9e6e8a8,0660be4d-b193-488d-b102-15d856ba7976,a2f3ed65-a19c-44bc-b02b-231efb807c8e,b888fb69-dcf7-4766-8ab8-77191f607f04,5f6234bc-6763-4295-940f-cf262802f0bb,80554275-f07c-4521-9f15-3031e9438877)
[2026-01-12 14:04:31.675930] Query Result Count: 7
[2026-01-12 14:04:31.779254] get_requisitions CALLED. ReqID=dfb749db-55f8-438d-a4ed-b5e6c4e36386, Status=None
[2026-01-12 14:04:31.983412] Created FRESH Admin Client with Service Key
[2026-01-12 14:04:32.448010] Found 7 approved requisitions for this user.
[2026-01-12 14:04:32.448322] Applied OR condition: requester_id.eq.dfb749db-55f8-438d-a4ed-b5e6c4e36386,id.in.(df26dd13-f119-4b3f-980a-f4fbac37308e,20b1f1e8-85ab-4999-99b4-59acc9e6e8a8,0660be4d-b193-488d-b102-15d856ba7976,a2f3ed65-a19c-44bc-b02b-231efb807c8e,b888fb69-dcf7-4766-8ab8-77191f607f04,5f6234bc-6763-4295-940f-cf262802f0bb,80554275-f07c-4521-9f15-3031e9438877)
[2026-01-12 14:04:32.558364] Query Result Count: 7
[2026-01-12 14:04:32.660453] get_requisitions CALLED. ReqID=dfb749db-55f8-438d-a4ed-b5e6c4e36386, Status=None
[2026-01-12 14:04:32.829813] Created FRESH Admin Client with Service Key
[2026-01-12 14:04:33.166106] Found 7 approved requisitions for this user.
[2026-01-12 14:04:33.166480] Applied OR condition: requester_id.eq.dfb749db-55f8-438d-a4ed-b5e6c4e36386,id.in.(df26dd13-f119-4b3f-980a-f4fbac37308e,20b1f1e8-85ab-4999-99b4-59acc9e6e8a8,0660be4d-b193-488d-b102-15d856ba7976,a2f3ed65-a19c-44bc-b02b-231efb807c8e,b888fb69-dcf7-4766-8ab8-77191f607f04,5f6234bc-6763-4295-940f-cf262802f0bb,80554275-f07c-4521-9f15-3031e9438877)
[2026-01-12 14:04:33.266835] Query Result Count: 7
[2026-01-12 14:05:30.377779] get_requisitions CALLED. ReqID=dfb749db-55f8-438d-a4ed-b5e6c4e36386, Status=None
[2026-01-12 14:05:30.630628] Created FRESH Admin Client with Service Key
[2026-01-12 14:05:31.033769] Found 7 approved requisitions for this user.
[2026-01-12 14:05:31.034257] Applied OR condition: requester_id.eq.dfb749db-55f8-438d-a4ed-b5e6c4e36386,id.in.(df26dd13-f119-4b3f-980a-f4fbac37308e,20b1f1e8-85ab-4999-99b4-59acc9e6e8a8,0660be4d-b193-488d-b102-15d856ba7976,a2f3ed65-a19c-44bc-b02b-231efb807c8e,b888fb69-dcf7-4766-8ab8-77191f607f04,5f6234bc-6763-4295-940f-cf262802f0bb,80554275-f07c-4521-9f15-3031e9438877)
[2026-01-12 14:05:31.146699] Query Result Count: 7
[2026-01-12 14:05:55.381005] get_requisitions CALLED. ReqID=2215af38-4a26-4b6c-8793-8e9b92935375, Status=None
[2026-01-12 14:05:55.623782] Created FRESH Admin Client with Service Key
[2026-01-12 14:05:56.013028] Found 1 approved requisitions for this user.
[2026-01-12 14:05:56.013315] Applied OR condition: requester_id.eq.2215af38-4a26-4b6c-8793-8e9b92935375,id.in.(80554275-f07c-4521-9f15-3031e9438877)
[2026-01-12 14:05:56.234471] Query Result Count: 1
[2026-01-12 14:05:56.342434] get_requisitions CALLED. ReqID=2215af38-4a26-4b6c-8793-8e9b92935375, Status=None
[2026-01-12 14:05:56.574356] Created FRESH Admin Client with Service Key
[2026-01-12 14:05:57.036983] Found 1 approved requisitions for this user.
[2026-01-12 14:05:57.038522] Applied OR condition: requester_id.eq.2215af38-4a26-4b6c-8793-8e9b92935375,id.in.(80554275-f07c-4521-9f15-3031e9438877)
[2026-01-12 14:05:57.149298] Query Result Count: 1
[2026-01-12 14:05:57.263008] get_requisitions CALLED. ReqID=2215af38-4a26-4b6c-8793-8e9b92935375, Status=None
[2026-01-12 14:05:57.430934] Created FRESH Admin Client with Service Key
[2026-01-12 14:05:57.772329] Found 1 approved requisitions for this user.
[2026-01-12 14:05:57.772649] Applied OR condition: requester_id.eq.2215af38-4a26-4b6c-8793-8e9b92935375,id.in.(80554275-f07c-4521-9f15-3031e9438877)
[2026-01-12 14:05:57.876287] Query Result Count: 1
[2026-01-12 14:06:06.686390] get_requisitions CALLED. ReqID=2215af38-4a26-4b6c-8793-8e9b92935375, Status=None
[2026-01-12 14:06:06.964315] Created FRESH Admin Client with Service Key
[2026-01-12 14:06:07.329093] Found 1 approved requisitions for this user.
[2026-01-12 14:06:07.329369] Applied OR condition: requester_id.eq.2215af38-4a26-4b6c-8793-8e9b92935375,id.in.(80554275-f07c-4521-9f15-3031e9438877)
[2026-01-12 14:06:07.433768] Query Result Count: 1
[2026-01-12 14:06:12.098210] get_requisitions CALLED. ReqID=2215af38-4a26-4b6c-8793-8e9b92935375, Status=None
[2026-01-12 14:06:12.407999] Created FRESH Admin Client with Service Key
[2026-01-12 14:06:12.826849] Found 1 approved requisitions for this user.
[2026-01-12 14:06:12.827102] Applied OR condition: requester_id.eq.2215af38-4a26-4b6c-8793-8e9b92935375,id.in.(80554275-f07c-4521-9f15-3031e9438877)
[2026-01-12 14:06:13.055461] Query Result Count: 1
[2026-01-12 14:07:32.995931] get_requisitions CALLED. ReqID=dfb749db-55f8-438d-a4ed-b5e6c4e36386, Status=None
[2026-01-12 14:07:33.174727] Created FRESH Admin Client with Service Key
[2026-01-12 14:07:33.576816] Found 7 approved requisitions for this user.
[2026-01-12 14:07:33.577285] Applied OR condition: requester_id.eq.dfb749db-55f8-438d-a4ed-b5e6c4e36386,id.in.(df26dd13-f119-4b3f-980a-f4fbac37308e,20b1f1e8-85ab-4999-99b4-59acc9e6e8a8,0660be4d-b193-488d-b102-15d856ba7976,a2f3ed65-a19c-44bc-b02b-231efb807c8e,b888fb69-dcf7-4766-8ab8-77191f607f04,5f6234bc-6763-4295-940f-cf262802f0bb,80554275-f07c-4521-9f15-3031e9438877)
[2026-01-12 14:07:33.784936] Query Result Count: 7
[2026-01-12 14:07:33.906681] get_requisitions CALLED. ReqID=dfb749db-55f8-438d-a4ed-b5e6c4e36386, Status=None
[2026-01-12 14:07:34.171986] Created FRESH Admin Client with Service Key
[2026-01-12 14:07:34.607602] Found 7 approved requisitions for this user.
[2026-01-12 14:07:34.608284] Applied OR condition: requester_id.eq.dfb749db-55f8-438d-a4ed-b5e6c4e36386,id.in.(df26dd13-f119-4b3f-980a-f4fbac37308e,20b1f1e8-85ab-4999-99b4-59acc9e6e8a8,0660be4d-b193-488d-b102-15d856ba7976,a2f3ed65-a19c-44bc-b02b-231efb807c8e,b888fb69-dcf7-4766-8ab8-77191f607f04,5f6234bc-6763-4295-940f-cf262802f0bb,80554275-f07c-4521-9f15-3031e9438877)
[2026-01-12 14:07:34.745460] Query Result Count: 7
[2026-01-12 14:07:34.856135] get_requisitions CALLED. ReqID=dfb749db-55f8-438d-a4ed-b5e6c4e36386, Status=None
[2026-01-12 14:07:35.048919] Created FRESH Admin Client with Service Key
[2026-01-12 14:07:35.387940] Found 7 approved requisitions for this user.
[2026-01-12 14:07:35.388370] Applied OR condition: requester_id.eq.dfb749db-55f8-438d-a4ed-b5e6c4e36386,id.in.(df26dd13-f119-4b3f-980a-f4fbac37308e,20b1f1e8-85ab-4999-99b4-59acc9e6e8a8,0660be4d-b193-488d-b102-15d856ba7976,a2f3ed65-a19c-44bc-b02b-231efb807c8e,b888fb69-dcf7-4766-8ab8-77191f607f04,5f6234bc-6763-4295-940f-cf262802f0bb,80554275-f07c-4521-9f15-3031e9438877)
[2026-01-12 14:07:35.484432] Query Result Count: 7
[2026-01-12 14:07:53.381006] get_requisitions CALLED. ReqID=None, Status=None
[2026-01-12 14:07:53.616905] Query Result Count: 15
[2026-01-12 14:07:53.730718] get_requisitions CALLED. ReqID=None, Status=None
[2026-01-12 14:07:53.843962] Query Result Count: 15
[2026-01-12 14:07:53.965037] get_requisitions CALLED. ReqID=None, Status=None
[2026-01-12 14:07:54.079111] Query Result Count: 15
[2026-01-12 14:07:54.182183] get_requisitions CALLED. ReqID=None, Status=None
[2026-01-12 14:07:54.440058] Query Result Count: 15
[2026-01-12 14:11:15.473378] get_requisitions CALLED. ReqID=2215af38-4a26-4b6c-8793-8e9b92935375, Status=None
[2026-01-12 14:11:15.667384] Created FRESH Admin Client with Service Key
[2026-01-12 14:11:16.064761] Found 1 approved requisitions for this user.
[2026-01-12 14:11:16.065204] Applied OR condition: requester_id.eq.2215af38-4a26-4b6c-8793-8e9b92935375,id.in.(80554275-f07c-4521-9f15-3031e9438877)
[2026-01-12 14:11:16.279427] Query Result Count: 1
[2026-01-12 14:11:16.379283] get_requisitions CALLED. ReqID=2215af38-4a26-4b6c-8793-8e9b92935375, Status=None
[2026-01-12 14:11:16.661871] Created FRESH Admin Client with Service Key
[2026-01-12 14:11:17.092304] Found 1 approved requisitions for this user.
[2026-01-12 14:11:17.092554] Applied OR condition: requester_id.eq.2215af38-4a26-4b6c-8793-8e9b92935375,id.in.(80554275-f07c-4521-9f15-3031e9438877)
[2026-01-12 14:11:17.193499] Query Result Count: 1
[2026-01-12 14:11:17.301241] get_requisitions CALLED. ReqID=2215af38-4a26-4b6c-8793-8e9b92935375, Status=None
[2026-01-12 14:11:17.543293] Created FRESH Admin Client with Service Key
[2026-01-12 14:11:17.921346] Found 1 approved requisitions for this user.
[2026-01-12 14:11:17.921798] Applied OR condition: requester_id.eq.2215af38-4a26-4b6c-8793-8e9b92935375,id.in.(80554275-f07c-4521-9f15-3031e9438877)
[2026-01-12 14:11:18.045438] Query Result Count: 1
[2026-01-12 14:11:18.153468] get_requisitions CALLED. ReqID=2215af38-4a26-4b6c-8793-8e9b92935375, Status=None
[2026-01-12 14:11:18.324451] Created FRESH Admin Client with Service Key
[2026-01-12 14:11:18.692047] Found 1 approved requisitions for this user.
[2026-01-12 14:11:18.692718] Applied OR condition: requester_id.eq.2215af38-4a26-4b6c-8793-8e9b92935375,id.in.(80554275-f07c-4521-9f15-3031e9438877)
[2026-01-12 14:11:18.805654] Query Result Count: 1
[2026-01-12 14:11:54.648436] get_requisitions CALLED. ReqID=2215af38-4a26-4b6c-8793-8e9b92935375, Status=None
[2026-01-12 14:11:54.853134] Created FRESH Admin Client with Service Key
[2026-01-12 14:11:55.231203] Found 1 approved requisitions for this user.
[2026-01-12 14:11:55.232115] Applied OR condition: requester_id.eq.2215af38-4a26-4b6c-8793-8e9b92935375,id.in.(80554275-f07c-4521-9f15-3031e9438877)
[2026-01-12 14:11:55.341335] Query Result Count: 1
[2026-01-12 14:11:55.454261] get_requisitions CALLED. ReqID=2215af38-4a26-4b6c-8793-8e9b92935375, Status=None
[2026-01-12 14:11:55.620770] Created FRESH Admin Client with Service Key
[2026-01-12 14:11:55.972166] Found 1 approved requisitions for this user.
[2026-01-12 14:11:55.972505] Applied OR condition: requester_id.eq.2215af38-4a26-4b6c-8793-8e9b92935375,id.in.(80554275-f07c-4521-9f15-3031e9438877)
[2026-01-12 14:11:56.079906] Query Result Count: 1
[2026-01-12 14:11:56.196775] get_requisitions CALLED. ReqID=2215af38-4a26-4b6c-8793-8e9b92935375, Status=None
[2026-01-12 14:11:56.361897] Created FRESH Admin Client with Service Key
[2026-01-12 14:11:56.710990] Found 1 approved requisitions for this user.
[2026-01-12 14:11:56.711441] Applied OR condition: requester_id.eq.2215af38-4a26-4b6c-8793-8e9b92935375,id.in.(80554275-f07c-4521-9f15-3031e9438877)
[2026-01-12 14:11:56.824959] Query Result Count: 1
[2026-01-12 14:11:56.927750] get_requisitions CALLED. ReqID=2215af38-4a26-4b6c-8793-8e9b92935375, Status=None
[2026-01-12 14:11:57.166959] Created FRESH Admin Client with Service Key
[2026-01-12 14:11:57.559085] Found 1 approved requisitions for this user.
[2026-01-12 14:11:57.559375] Applied OR condition: requester_id.eq.2215af38-4a26-4b6c-8793-8e9b92935375,id.in.(80554275-f07c-4521-9f15-3031e9438877)
[2026-01-12 14:11:57.664408] Query Result Count: 1
[2026-01-12 14:11:57.791626] get_requisitions CALLED. ReqID=2215af38-4a26-4b6c-8793-8e9b92935375, Status=None
[2026-01-12 14:11:57.980302] Created FRESH Admin Client with Service Key
[2026-01-12 14:11:58.318523] Found 1 approved requisitions for this user.
[2026-01-12 14:11:58.318858] Applied OR condition: requester_id.eq.2215af38-4a26-4b6c-8793-8e9b92935375,id.in.(80554275-f07c-4521-9f15-3031e9438877)
[2026-01-12 14:11:58.413467] Query Result Count: 1
[2026-01-12 14:11:58.518139] get_requisitions CALLED. ReqID=2215af38-4a26-4b6c-8793-8e9b92935375, Status=None
[2026-01-12 14:11:58.687125] Created FRESH Admin Client with Service Key
[2026-01-12 14:11:59.056991] Found 1 approved requisitions for this user.
[2026-01-12 14:11:59.057300] Applied OR condition: requester_id.eq.2215af38-4a26-4b6c-8793-8e9b92935375,id.in.(80554275-f07c-4521-9f15-3031e9438877)
[2026-01-12 14:11:59.153773] Query Result Count: 1
[2026-01-12 14:11:59.261692] get_requisitions CALLED. ReqID=2215af38-4a26-4b6c-8793-8e9b92935375, Status=None
[2026-01-12 14:11:59.467894] Created FRESH Admin Client with Service Key
[2026-01-12 14:11:59.870233] Found 1 approved requisitions for this user.
[2026-01-12 14:11:59.870560] Applied OR condition: requester_id.eq.2215af38-4a26-4b6c-8793-8e9b92935375,id.in.(80554275-f07c-4521-9f15-3031e9438877)
[2026-01-12 14:11:59.980484] Query Result Count: 1
[2026-01-12 14:12:36.092727] get_requisitions CALLED. ReqID=dfb749db-55f8-438d-a4ed-b5e6c4e36386, Status=None
[2026-01-12 14:12:36.338266] Created FRESH Admin Client with Service Key
[2026-01-12 14:12:36.780747] Found 7 approved requisitions for this user.
[2026-01-12 14:12:36.781096] Applied OR condition: requester_id.eq.dfb749db-55f8-438d-a4ed-b5e6c4e36386,id.in.(df26dd13-f119-4b3f-980a-f4fbac37308e,20b1f1e8-85ab-4999-99b4-59acc9e6e8a8,0660be4d-b193-488d-b102-15d856ba7976,a2f3ed65-a19c-44bc-b02b-231efb807c8e,b888fb69-dcf7-4766-8ab8-77191f607f04,5f6234bc-6763-4295-940f-cf262802f0bb,80554275-f07c-4521-9f15-3031e9438877)
[2026-01-12 14:12:36.972657] Query Result Count: 7
[2026-01-12 14:12:37.067926] get_requisitions CALLED. ReqID=dfb749db-55f8-438d-a4ed-b5e6c4e36386, Status=None
[2026-01-12 14:12:37.236887] Created FRESH Admin Client with Service Key
[2026-01-12 14:12:37.669191] Found 7 approved requisitions for this user.
[2026-01-12 14:12:37.669616] Applied OR condition: requester_id.eq.dfb749db-55f8-438d-a4ed-b5e6c4e36386,id.in.(df26dd13-f119-4b3f-980a-f4fbac37308e,20b1f1e8-85ab-4999-99b4-59acc9e6e8a8,0660be4d-b193-488d-b102-15d856ba7976,a2f3ed65-a19c-44bc-b02b-231efb807c8e,b888fb69-dcf7-4766-8ab8-77191f607f04,5f6234bc-6763-4295-940f-cf262802f0bb,80554275-f07c-4521-9f15-3031e9438877)
[2026-01-12 14:12:37.777691] Query Result Count: 7
[2026-01-12 14:12:37.894562] get_requisitions CALLED. ReqID=dfb749db-55f8-438d-a4ed-b5e6c4e36386, Status=None
[2026-01-12 14:12:38.063215] Created FRESH Admin Client with Service Key
[2026-01-12 14:12:38.414101] Found 7 approved requisitions for this user.
[2026-01-12 14:12:38.414696] Applied OR condition: requester_id.eq.dfb749db-55f8-438d-a4ed-b5e6c4e36386,id.in.(df26dd13-f119-4b3f-980a-f4fbac37308e,20b1f1e8-85ab-4999-99b4-59acc9e6e8a8,0660be4d-b193-488d-b102-15d856ba7976,a2f3ed65-a19c-44bc-b02b-231efb807c8e,b888fb69-dcf7-4766-8ab8-77191f607f04,5f6234bc-6763-4295-940f-cf262802f0bb,80554275-f07c-4521-9f15-3031e9438877)
[2026-01-12 14:12:38.544327] Query Result Count: 7
[2026-01-12 14:12:54.386745] get_requisitions CALLED. ReqID=dfb749db-55f8-438d-a4ed-b5e6c4e36386, Status=None
[2026-01-12 14:12:54.652398] Created FRESH Admin Client with Service Key
[2026-01-12 14:12:55.150140] Found 7 approved requisitions for this user.
[2026-01-12 14:12:55.150629] Applied OR condition: requester_id.eq.dfb749db-55f8-438d-a4ed-b5e6c4e36386,id.in.(df26dd13-f119-4b3f-980a-f4fbac37308e,20b1f1e8-85ab-4999-99b4-59acc9e6e8a8,0660be4d-b193-488d-b102-15d856ba7976,a2f3ed65-a19c-44bc-b02b-231efb807c8e,b888fb69-dcf7-4766-8ab8-77191f607f04,5f6234bc-6763-4295-940f-cf262802f0bb,80554275-f07c-4521-9f15-3031e9438877)
[2026-01-12 14:12:55.253658] Query Result Count: 7
[2026-01-12 14:13:02.846601] get_requisitions CALLED. ReqID=dfb749db-55f8-438d-a4ed-b5e6c4e36386, Status=None
[2026-01-12 14:13:03.168006] Created FRESH Admin Client with Service Key
[2026-01-12 14:13:03.570985] Found 7 approved requisitions for this user.
[2026-01-12 14:13:03.571291] Applied OR condition: requester_id.eq.dfb749db-55f8-438d-a4ed-b5e6c4e36386,id.in.(df26dd13-f119-4b3f-980a-f4fbac37308e,20b1f1e8-85ab-4999-99b4-59acc9e6e8a8,0660be4d-b193-488d-b102-15d856ba7976,a2f3ed65-a19c-44bc-b02b-231efb807c8e,b888fb69-dcf7-4766-8ab8-77191f607f04,5f6234bc-6763-4295-940f-cf262802f0bb,80554275-f07c-4521-9f15-3031e9438877)
[2026-01-12 14:13:03.676548] Query Result Count: 7
[2026-01-12 14:13:08.748751] get_requisitions CALLED. ReqID=dfb749db-55f8-438d-a4ed-b5e6c4e36386, Status=None
[2026-01-12 14:13:09.022623] Created FRESH Admin Client with Service Key
[2026-01-12 14:13:09.440400] Found 7 approved requisitions for this user.
[2026-01-12 14:13:09.440706] Applied OR condition: requester_id.eq.dfb749db-55f8-438d-a4ed-b5e6c4e36386,id.in.(df26dd13-f119-4b3f-980a-f4fbac37308e,20b1f1e8-85ab-4999-99b4-59acc9e6e8a8,0660be4d-b193-488d-b102-15d856ba7976,a2f3ed65-a19c-44bc-b02b-231efb807c8e,b888fb69-dcf7-4766-8ab8-77191f607f04,5f6234bc-6763-4295-940f-cf262802f0bb,80554275-f07c-4521-9f15-3031e9438877)
[2026-01-12 14:13:09.644022] Query Result Count: 7
[2026-01-12 14:13:29.878010] get_requisitions CALLED. ReqID=None, Status=None
[2026-01-12 14:13:30.136067] Query Result Count: 15
[2026-01-12 14:13:30.237531] get_requisitions CALLED. ReqID=None, Status=None
[2026-01-12 14:13:30.489862] Query Result Count: 15
[2026-01-12 14:13:30.595235] get_requisitions CALLED. ReqID=None, Status=None
[2026-01-12 14:13:30.831527] Query Result Count: 15
[2026-01-12 14:13:30.952119] get_requisitions CALLED. ReqID=None, Status=None
[2026-01-12 14:13:31.250107] Query Result Count: 15
[2026-01-12 14:14:14.669074] get_requisitions CALLED. ReqID=None, Status=None
[2026-01-12 14:14:14.811941] Query Result Count: 15
[2026-01-12 14:15:16.463820] get_requisitions CALLED. ReqID=None, Status=None
[2026-01-12 14:15:16.695180] Query Result Count: 15
[2026-01-12 14:15:16.805728] get_requisitions CALLED. ReqID=None, Status=None
[2026-01-12 14:15:17.077325] Query Result Count: 15
[2026-01-12 14:15:17.179503] get_requisitions CALLED. ReqID=None, Status=None
[2026-01-12 14:15:17.353242] Query Result Count: 15
[2026-01-12 14:15:24.297804] get_requisitions CALLED. ReqID=None, Status=None
[2026-01-12 14:15:24.444567] Query Result Count: 15
[2026-01-12 14:15:28.930756] get_requisitions CALLED. ReqID=None, Status=None
[2026-01-12 14:15:29.085926] Query Result Count: 15
[2026-01-12 14:16:06.510305] get_requisitions CALLED. ReqID=2215af38-4a26-4b6c-8793-8e9b92935375, Status=None
[2026-01-12 14:16:06.771042] Created FRESH Admin Client with Service Key
[2026-01-12 14:16:07.144528] Found 1 approved requisitions for this user.
[2026-01-12 14:16:07.144891] Applied OR condition: requester_id.eq.2215af38-4a26-4b6c-8793-8e9b92935375,id.in.(80554275-f07c-4521-9f15-3031e9438877)
[2026-01-12 14:16:07.327920] Query Result Count: 1
[2026-01-12 14:16:07.432826] get_requisitions CALLED. ReqID=2215af38-4a26-4b6c-8793-8e9b92935375, Status=None
[2026-01-12 14:16:07.659057] Created FRESH Admin Client with Service Key
[2026-01-12 14:16:08.098846] Found 1 approved requisitions for this user.
[2026-01-12 14:16:08.099352] Applied OR condition: requester_id.eq.2215af38-4a26-4b6c-8793-8e9b92935375,id.in.(80554275-f07c-4521-9f15-3031e9438877)
[2026-01-12 14:16:08.327782] Query Result Count: 1
[2026-01-12 14:16:08.430644] get_requisitions CALLED. ReqID=2215af38-4a26-4b6c-8793-8e9b92935375, Status=None
[2026-01-12 14:16:08.605831] Created FRESH Admin Client with Service Key
[2026-01-12 14:16:08.943123] Found 1 approved requisitions for this user.
[2026-01-12 14:16:08.943682] Applied OR condition: requester_id.eq.2215af38-4a26-4b6c-8793-8e9b92935375,id.in.(80554275-f07c-4521-9f15-3031e9438877)
[2026-01-12 14:16:09.044274] Query Result Count: 1
[2026-01-12 14:22:01.688325] get_requisitions CALLED. ReqID=2215af38-4a26-4b6c-8793-8e9b92935375, Status=None
[2026-01-12 14:22:02.228578] Created FRESH Admin Client with Service Key
[2026-01-12 14:22:02.836623] Found 1 approved requisitions for this user.
[2026-01-12 14:22:02.837012] Applied OR condition: requester_id.eq.2215af38-4a26-4b6c-8793-8e9b92935375,id.in.(80554275-f07c-4521-9f15-3031e9438877)
[2026-01-12 14:22:03.042033] Query Result Count: 1
[2026-01-12 14:22:06.577940] get_requisitions CALLED. ReqID=2215af38-4a26-4b6c-8793-8e9b92935375, Status=None
[2026-01-12 14:22:07.133436] Created FRESH Admin Client with Service Key
[2026-01-12 14:22:07.991891] Found 1 approved requisitions for this user.
[2026-01-12 14:22:07.993318] Applied OR condition: requester_id.eq.2215af38-4a26-4b6c-8793-8e9b92935375,id.in.(80554275-f07c-4521-9f15-3031e9438877)
[2026-01-12 14:22:08.110100] Query Result Count: 1
[2026-01-12 14:22:08.230963] get_requisitions CALLED. ReqID=2215af38-4a26-4b6c-8793-8e9b92935375, Status=None
[2026-01-12 14:22:08.836703] Created FRESH Admin Client with Service Key
[2026-01-12 14:22:09.586467] Found 1 approved requisitions for this user.
[2026-01-12 14:22:09.587217] Applied OR condition: requester_id.eq.2215af38-4a26-4b6c-8793-8e9b92935375,id.in.(80554275-f07c-4521-9f15-3031e9438877)
[2026-01-12 14:22:09.691270] Query Result Count: 1
[2026-01-12 14:22:09.809233] get_requisitions CALLED. ReqID=2215af38-4a26-4b6c-8793-8e9b92935375, Status=None
[2026-01-12 14:22:10.269666] Created FRESH Admin Client with Service Key
[2026-01-12 14:22:10.924507] Found 1 approved requisitions for this user.
[2026-01-12 14:22:10.925272] Applied OR condition: requester_id.eq.2215af38-4a26-4b6c-8793-8e9b92935375,id.in.(80554275-f07c-4521-9f15-3031e9438877)
[2026-01-12 14:22:11.027468] Query Result Count: 1
[2026-01-12 14:22:11.134231] get_requisitions CALLED. ReqID=2215af38-4a26-4b6c-8793-8e9b92935375, Status=None
[2026-01-12 14:22:11.706450] Created FRESH Admin Client with Service Key
[2026-01-12 14:22:12.319768] Found 1 approved requisitions for this user.
[2026-01-12 14:22:12.320739] Applied OR condition: requester_id.eq.2215af38-4a26-4b6c-8793-8e9b92935375,id.in.(80554275-f07c-4521-9f15-3031e9438877)
[2026-01-12 14:22:12.419086] Query Result Count: 1
[2026-01-12 14:22:12.541701] get_requisitions CALLED. ReqID=2215af38-4a26-4b6c-8793-8e9b92935375, Status=None
[2026-01-12 14:22:12.959946] Created FRESH Admin Client with Service Key
[2026-01-12 14:22:13.604549] Found 1 approved requisitions for this user.
[2026-01-12 14:22:13.605773] Applied OR condition: requester_id.eq.2215af38-4a26-4b6c-8793-8e9b92935375,id.in.(80554275-f07c-4521-9f15-3031e9438877)
[2026-01-12 14:22:13.707767] Query Result Count: 1
[2026-01-12 14:22:13.816608] get_requisitions CALLED. ReqID=2215af38-4a26-4b6c-8793-8e9b92935375, Status=None
[2026-01-12 14:22:14.310673] Created FRESH Admin Client with Service Key
[2026-01-12 14:22:15.061332] Found 1 approved requisitions for this user.
[2026-01-12 14:22:15.062236] Applied OR condition: requester_id.eq.2215af38-4a26-4b6c-8793-8e9b92935375,id.in.(80554275-f07c-4521-9f15-3031e9438877)
[2026-01-12 14:22:15.160370] Query Result Count: 1
[2026-01-12 14:22:15.285005] get_requisitions CALLED. ReqID=2215af38-4a26-4b6c-8793-8e9b92935375, Status=None
[2026-01-12 14:22:15.638451] Created FRESH Admin Client with Service Key
[2026-01-12 14:22:16.273399] Found 1 approved requisitions for this user.
[2026-01-12 14:22:16.274717] Applied OR condition: requester_id.eq.2215af38-4a26-4b6c-8793-8e9b92935375,id.in.(80554275-f07c-4521-9f15-3031e9438877)
[2026-01-12 14:22:16.369900] Query Result Count: 1
[2026-01-12 14:22:29.180448] get_requisitions CALLED. ReqID=None, Status=None
[2026-01-12 14:22:29.424898] Query Result Count: 15
[2026-01-12 14:22:29.532046] get_requisitions CALLED. ReqID=None, Status=None
[2026-01-12 14:22:29.788784] Query Result Count: 15
[2026-01-12 14:22:29.905433] get_requisitions CALLED. ReqID=None, Status=None
[2026-01-12 14:22:30.042186] Query Result Count: 15
[2026-01-12 14:22:30.154422] get_requisitions CALLED. ReqID=None, Status=None
[2026-01-12 14:22:30.265454] Query Result Count: 15
[2026-01-12 14:23:53.925867] get_requisitions CALLED. ReqID=2215af38-4a26-4b6c-8793-8e9b92935375, Status=None
[2026-01-12 14:23:54.442571] Created FRESH Admin Client with Service Key
[2026-01-12 14:23:55.208776] Found 1 approved requisitions for this user.
[2026-01-12 14:23:55.209195] Applied OR condition: requester_id.eq.2215af38-4a26-4b6c-8793-8e9b92935375,id.in.(80554275-f07c-4521-9f15-3031e9438877)
[2026-01-12 14:23:55.419360] Query Result Count: 1
[2026-01-12 14:23:55.527057] get_requisitions CALLED. ReqID=2215af38-4a26-4b6c-8793-8e9b92935375, Status=None
[2026-01-12 14:23:56.130899] Created FRESH Admin Client with Service Key
[2026-01-12 14:23:56.903811] Found 1 approved requisitions for this user.
[2026-01-12 14:23:56.904272] Applied OR condition: requester_id.eq.2215af38-4a26-4b6c-8793-8e9b92935375,id.in.(80554275-f07c-4521-9f15-3031e9438877)
[2026-01-12 14:23:57.013521] Query Result Count: 1
[2026-01-12 14:23:57.118712] get_requisitions CALLED. ReqID=2215af38-4a26-4b6c-8793-8e9b92935375, Status=None
[2026-01-12 14:23:57.729012] Created FRESH Admin Client with Service Key
[2026-01-12 14:23:58.517578] Found 1 approved requisitions for this user.
[2026-01-12 14:23:58.518417] Applied OR condition: requester_id.eq.2215af38-4a26-4b6c-8793-8e9b92935375,id.in.(80554275-f07c-4521-9f15-3031e9438877)
[2026-01-12 14:23:58.629723] Query Result Count: 1
[2026-01-12 14:23:58.734882] get_requisitions CALLED. ReqID=2215af38-4a26-4b6c-8793-8e9b92935375, Status=None
[2026-01-12 14:23:59.197618] Created FRESH Admin Client with Service Key
[2026-01-12 14:23:59.906256] Found 1 approved requisitions for this user.
[2026-01-12 14:23:59.907096] Applied OR condition: requester_id.eq.2215af38-4a26-4b6c-8793-8e9b92935375,id.in.(80554275-f07c-4521-9f15-3031e9438877)
[2026-01-12 14:24:00.022186] Query Result Count: 1
[2026-01-12 14:24:21.851712] get_requisitions CALLED. ReqID=None, Status=None
[2026-01-12 14:24:22.142450] Query Result Count: 15
[2026-01-12 14:24:22.249219] get_requisitions CALLED. ReqID=None, Status=None
[2026-01-12 14:24:22.483291] Query Result Count: 15
[2026-01-12 14:24:22.597646] get_requisitions CALLED. ReqID=None, Status=None
[2026-01-12 14:24:22.892306] Query Result Count: 15
[2026-01-12 14:24:22.992977] get_requisitions CALLED. ReqID=None, Status=None
[2026-01-12 14:24:23.109729] Query Result Count: 15
[2026-01-12 14:24:28.873836] get_requisitions CALLED. ReqID=None, Status=None
[2026-01-12 14:24:29.030766] Query Result Count: 15
